// Jest Snapshot v1, https://goo.gl/fbAQLP

exports[`Interactive Overview snapshot 1`] = `
<DocumentFragment>
  <div
    class="react-colorful__interactive"
    role="slider"
    tabindex="0"
  >
    <input
      value="use keyboad and mouse move"
    />
  </div>
  <div
    style="padding-top: 10px; font-weight: bold;"
  >
    key: 
  </div>
  <div
    style="padding-top: 10px; font-weight: bold;"
  >
    move: 
  </div>
</DocumentFragment>
`;
