// Jest Snapshot v1, https://goo.gl/fbAQLP

exports[`HslaStringColorPicker Overview 1`] = `
<DocumentFragment>
  <div
    class="react-colorful"
  >
    <div
      class="react-colorful__saturation"
      style="background-color: rgb(255, 0, 0);"
    >
      <div
        aria-label="Color"
        aria-valuetext="Saturation 0%, Brightness 0%"
        class="react-colorful__interactive"
        role="slider"
        tabindex="0"
      >
        <div
          class="react-colorful__pointer react-colorful__saturation-pointer"
          style="top: 100%; left: 0%;"
        >
          <div
            class="react-colorful__pointer-fill"
            style="background-color: rgb(0, 0, 0);"
          />
        </div>
      </div>
    </div>
    <div
      class="react-colorful__hue"
    >
      <div
        aria-label="Hue"
        aria-valuetext="0"
        class="react-colorful__interactive"
        role="slider"
        tabindex="0"
      >
        <div
          class="react-colorful__pointer react-colorful__hue-pointer"
          style="top: 50%; left: 0%;"
        >
          <div
            class="react-colorful__pointer-fill"
            style="background-color: rgb(255, 0, 0);"
          />
        </div>
      </div>
    </div>
    <div
      class="react-colorful__alpha react-colorful__last-control"
    >
      <div
        class="react-colorful__alpha-gradient"
      />
      <div
        aria-label="Alpha"
        aria-valuetext="100%"
        class="react-colorful__interactive"
        role="slider"
        tabindex="0"
      >
        <div
          class="react-colorful__pointer react-colorful__alpha-pointer"
          style="top: 50%; left: 100%;"
        >
          <div
            class="react-colorful__pointer-fill"
            style="background-color: rgb(0, 0, 0);"
          />
        </div>
      </div>
    </div>
  </div>
  <div
    style="padding-top: 10px; font-weight: bold;"
  >
    hsla(213, 50%, 16%, 0.5
  </div>
</DocumentFragment>
`;
