// Jest Snapshot v1, https://goo.gl/fbAQLP

exports[`HsvStringColorPicker Overview 1`] = `
<DocumentFragment>
  <div
    class="react-colorful"
  >
    <div
      class="react-colorful__saturation"
      style="background-color: rgb(255, 255, 0);"
    >
      <div
        aria-label="Color"
        aria-valuetext="Saturation 96%, Brightness 97%"
        class="react-colorful__interactive"
        role="slider"
        tabindex="0"
      >
        <div
          class="react-colorful__pointer react-colorful__saturation-pointer"
          style="top: 3.0000000000000027%; left: 96%;"
        >
          <div
            class="react-colorful__pointer-fill"
            style="background-color: rgb(247, 247, 8);"
          />
        </div>
      </div>
    </div>
    <div
      class="react-colorful__hue react-colorful__last-control"
    >
      <div
        aria-label="Hue"
        aria-valuetext="1"
        class="react-colorful__interactive"
        role="slider"
        tabindex="0"
      >
        <div
          class="react-colorful__pointer react-colorful__hue-pointer"
          style="top: 50%; left: 0.2777777777777778%;"
        >
          <div
            class="react-colorful__pointer-fill"
            style="background-color: rgb(255, 255, 0);"
          />
        </div>
      </div>
    </div>
  </div>
  <div
    style="padding-top: 10px; font-weight: bold;"
  >
    hsv(1, 96%, 97%)
  </div>
</DocumentFragment>
`;
