// Jest Snapshot v1, https://goo.gl/fbAQLP

exports[`Hue Overview 1`] = `
<DocumentFragment>
  <div
    class="react-colorful__hue"
  >
    <div
      aria-label="Hue"
      aria-valuetext="213"
      class="react-colorful__interactive"
      role="slider"
      tabindex="0"
    >
      <div
        class="react-colorful__pointer react-colorful__hue-pointer"
        style="top: 50%; left: 59.166666666666664%;"
      >
        <div
          class="react-colorful__pointer-fill"
          style="background-color: rgb(0, 0, 0);"
        />
      </div>
    </div>
  </div>
  <div
    style="padding-top: 10px; font-weight: bold;"
  >
    {
  "h": 213
}
  </div>
</DocumentFragment>
`;
