// Jest Snapshot v1, https://goo.gl/fbAQLP

exports[`RgbStringColorPicker Overview 1`] = `
<DocumentFragment>
  <div
    class="react-colorful"
  >
    <div
      class="react-colorful__saturation"
      style="background-color: rgb(0, 0, 255);"
    >
      <div
        aria-label="Color"
        aria-valuetext="Saturation 92%, Brightness 84%"
        class="react-colorful__interactive"
        role="slider"
        tabindex="0"
      >
        <div
          class="react-colorful__pointer react-colorful__saturation-pointer"
          style="top: 16.000000000000004%; left: 92%;"
        >
          <div
            class="react-colorful__pointer-fill"
            style="background-color: rgb(17, 17, 212);"
          />
        </div>
      </div>
    </div>
    <div
      class="react-colorful__hue react-colorful__last-control"
    >
      <div
        aria-label="Hue"
        aria-valuetext="10"
        class="react-colorful__interactive"
        role="slider"
        tabindex="0"
      >
        <div
          class="react-colorful__pointer react-colorful__hue-pointer"
          style="top: 50%; left: 2.7777777777777777%;"
        >
          <div
            class="react-colorful__pointer-fill"
            style="background-color: rgb(0, 0, 255);"
          />
        </div>
      </div>
    </div>
  </div>
  <div
    style="padding-top: 10px; font-weight: bold;"
  >
    rgb(213, 50, 16)
  </div>
</DocumentFragment>
`;
