// Jest Snapshot v1, https://goo.gl/fbAQLP

exports[`Saturation Overview 1`] = `
<DocumentFragment>
  <div
    class="react-colorful__saturation"
    style="background-color: rgb(0, 0, 0);"
  >
    <div
      aria-label="Color"
      aria-valuetext="Saturation 50%, Brightness 50%"
      class="react-colorful__interactive"
      role="slider"
      tabindex="0"
    >
      <div
        class="react-colorful__pointer react-colorful__saturation-pointer"
        style="top: 50%; left: 50%;"
      >
        <div
          class="react-colorful__pointer-fill"
          style="background-color: rgb(65, 65, 65);"
        />
      </div>
    </div>
  </div>
  <div
    style="padding-top: 10px; font-weight: bold;"
  >
    {
  "s": 50,
  "v": 50
}
  </div>
</DocumentFragment>
`;
