// Jest Snapshot v1, https://goo.gl/fbAQLP

exports[`HslColorPicker Overview snapshot 1`] = `
<DocumentFragment>
  <div
    class="react-colorful"
  >
    <div
      class="react-colorful__saturation"
      style="background-color: rgb(0, 0, 0);"
    >
      <div
        aria-label="Color"
        aria-valuetext="Saturation 67%, Brightness 24%"
        class="react-colorful__interactive"
        role="slider"
        tabindex="0"
      >
        <div
          class="react-colorful__pointer react-colorful__saturation-pointer"
          style="top: 76%; left: 66.66666666666666%;"
        >
          <div
            class="react-colorful__pointer-fill"
            style="background-color: rgb(20, 20, 20);"
          />
        </div>
      </div>
    </div>
    <div
      class="react-colorful__hue react-colorful__last-control"
    >
      <div
        aria-label="Hue"
        aria-valuetext="213"
        class="react-colorful__interactive"
        role="slider"
        tabindex="0"
      >
        <div
          class="react-colorful__pointer react-colorful__hue-pointer"
          style="top: 50%; left: 59.166666666666664%;"
        >
          <div
            class="react-colorful__pointer-fill"
            style="background-color: rgb(0, 0, 0);"
          />
        </div>
      </div>
    </div>
  </div>
  <div
    style="padding-top: 10px; font-weight: bold;"
  >
    {
  "h": 213,
  "s": 50,
  "l": 16
}
  </div>
</DocumentFragment>
`;
